// Jest Snapshot v1, https://goo.gl/fbAQLP

exports[`renders correctly 1`] = `
<div
  className="table-container"
>
  <table>
    <tr>
      <th>
        Mission
      </th>
      <th>
        Description
      </th>
      <th>
        Status
      </th>
      <th>
         
      </th>
    </tr>
  </table>
</div>
`;
